[hesapmakinesi.com/index.html]
[backblue.gif]
[fade.gif]
[index.html]
[hesapmakinesi.com/content/themes/2024/assets/img/favicon.png]
[hesapmakinesi.com/content/themes/2024/assets/css/bootstrap.min.css]
[hesapmakinesi.com/content/themes/2024/assets/css/hm.min30f4.css]
[hesapmakinesi.com/img/hesapmakinesi.webp]
[hesapmakinesi.com/sayfa/oneri.html]
[hesapmakinesi.com/ihtiyac-kredisi-hesaplama.html]
[hesapmakinesi.com/tasit-kredisi-hesaplama.html]
[hesapmakinesi.com/kredi-erken-kapatma-cezasi-hesaplama.html]
[hesapmakinesi.com/ticari-kredi-hesaplama.html]
[hesapmakinesi.com/kdv-hesaplama.html]
[hesapmakinesi.com/indirim-hesaplama.html]
[hesapmakinesi.com/issizlik-maasi-hesaplama.html]
[hesapmakinesi.com/altin-hesaplama.html]
[hesapmakinesi.com/doviz-hesaplama.html]
[hesapmakinesi.com/damga-vergisi-hesaplama.html]
[hesapmakinesi.com/repo-hesaplama.html]
[hesapmakinesi.com/ders-notu-hesaplama.html]
[hesapmakinesi.com/ehliyet-sinavi-puan-hesaplama.html]
[hesapmakinesi.com/yks-sayaci.html]
[hesapmakinesi.com/adet-gunu-hesaplama.html]
[hesapmakinesi.com/gebelik-hesaplama.html]
[hesapmakinesi.com/vucut-kitle-endeksi-hesaplama.html]
[hesapmakinesi.com/bilimsel.html]
[hesapmakinesi.com/yuzde.html]
[hesapmakinesi.com/us-kok.html]
[hesapmakinesi.com/kesir.html]
[hesapmakinesi.com/cetvel.html]
[hesapmakinesi.com/yas-hesaplama.html]
[hesapmakinesi.com/metrekare-hesaplama.html]
[hesapmakinesi.com/hacim-hesaplama.html]
[hesapmakinesi.com/desi-hesaplama.html]
[hesapmakinesi.com/inc-hesaplama.html]
[hesapmakinesi.com/faktoriyel-hesaplama.html]
[hesapmakinesi.com/yakit-tuketimi-hesaplama.html]
[hesapmakinesi.com/kronometre.html]
[hesapmakinesi.com/hangi-gun-hesaplama.html]
[hesapmakinesi.com/kac-gun-oldu-hesaplama.html]
[hesapmakinesi.com/iki-tarih-arasindaki-gun-sayisini-hesaplama.html]
[hesapmakinesi.com/iki-tarih-arasindaki-hafta-sayisini-hesaplama.html]
[hesapmakinesi.com/kira-stopaj-hesaplama.html]
[hesapmakinesi.com/iller-arasi-mesafe-hesaplama.html]
[hesapmakinesi.com/mil-hesaplama.html]
[hesapmakinesi.com/burc-hesaplama.html]
[hesapmakinesi.com/alcalan-burc-hesaplama.html]
[hesapmakinesi.com/kelime-sayisi-hesaplama.html]
[pagead2.googlesyndication.com/pagead/js/fbe0a.txt]
[hesapmakinesi.com/content/themes/2024/assets/img/x.png]
[hesapmakinesi.com/sayfa/gizlilik-bildirimi.html]
[hesapmakinesi.com/content/themes/2024/assets/js/bootstrap.bundle.min.js]
[hesapmakinesi.com/content/themes/2024/assets/js/jquery.min.js]
[hesapmakinesi.com/content/themes/2024/assets/js/conditionals.js]
[hesapmakinesi.com/content/themes/2024/assets/js/appae52.js]
[hesapmakinesi.com/content/themes/2024/assets/js/hm7b30.js]
[hesapmakinesi.com/index.html]
[hesapmakinesi.com/content/themes/2024/assets/css/bootstrap.min.css]
[hesapmakinesi.com/content/themes/2024/assets/img/ig-fon.png]
[hesapmakinesi.com/content/themes/2024/assets/img/ig_button.png]
[hesapmakinesi.com/content/themes/2024/assets/css/hm.min30f4.css]
[hesapmakinesi.com/sayfa/oneri.html]
[hesapmakinesi.com/ihtiyac-kredisi-hesaplama.html]
[hesapmakinesi.com/tasit-kredisi-hesaplama.html]
[hesapmakinesi.com/kredi-erken-kapatma-cezasi-hesaplama.html]
[hesapmakinesi.com/ticari-kredi-hesaplama.html]
[hesapmakinesi.com/kdv-hesaplama.html]
[hesapmakinesi.com/indirim-hesaplama.html]
[hesapmakinesi.com/issizlik-maasi-hesaplama.html]
[hesapmakinesi.com/altin-hesaplama.html]
[hesapmakinesi.com/doviz-hesaplama60a6.html]
[hesapmakinesi.com/doviz-hesaplamaec89.html]
[hesapmakinesi.com/doviz-hesaplamae815.html]
[hesapmakinesi.com/doviz-hesaplama1856.html]
[hesapmakinesi.com/doviz-hesaplama46e3.html]
[hesapmakinesi.com/doviz-hesaplamad170.html]
[hesapmakinesi.com/doviz-hesaplama84e0.html]
[hesapmakinesi.com/doviz-hesaplama19d5.html]
[hesapmakinesi.com/doviz-hesaplamab305.html]
[hesapmakinesi.com/doviz-hesaplamac0c3.html]
[hesapmakinesi.com/doviz-hesaplama6192.html]
[hesapmakinesi.com/doviz-hesaplama43dc.html]
[hesapmakinesi.com/doviz-hesaplama7056.html]
[hesapmakinesi.com/doviz-hesaplamad124.html]
[hesapmakinesi.com/doviz-hesaplama3fa2.html]
[hesapmakinesi.com/doviz-hesaplama5ad4.html]
[hesapmakinesi.com/doviz-hesaplamab4ff.html]
[hesapmakinesi.com/doviz-hesaplama1195.html]
[hesapmakinesi.com/doviz-hesaplama1f74.html]
[hesapmakinesi.com/doviz-hesaplama2dc3.html]
[hesapmakinesi.com/doviz-hesaplama287b.html]
[hesapmakinesi.com/doviz-hesaplama8394.html]
[hesapmakinesi.com/doviz-hesaplama2597.html]
[hesapmakinesi.com/doviz-hesaplama.html]
[hesapmakinesi.com/damga-vergisi-hesaplama.html]
[hesapmakinesi.com/repo-hesaplama.html]
[hesapmakinesi.com/ders-notu-hesaplama.html]
[hesapmakinesi.com/ehliyet-sinavi-puan-hesaplama.html]
[hesapmakinesi.com/yks-sayaci.html]
[hesapmakinesi.com/adet-gunu-hesaplama.html]
[hesapmakinesi.com/gebelik-hesaplama.html]
[hesapmakinesi.com/vucut-kitle-endeksi-hesaplama.html]
[hesapmakinesi.com/doviz-hesaplama96cd.html]
[hesapmakinesi.com/content/themes/2024/assets/js/CalcSS3.js]
[hesapmakinesi.com/bilimsel.html]
[hesapmakinesi.com/yuzde.html]
[hesapmakinesi.com/img/kokisareti.png]
[hesapmakinesi.com/us-kok.html]
[hesapmakinesi.com/kesir.html]
[hesapmakinesi.com/img/cetvel.png]
[hesapmakinesi.com/cetvel.html]
[hesapmakinesi.com/yas-hesaplama.html]
[hesapmakinesi.com/metrekare-hesaplama.html]
[hesapmakinesi.com/hacim-hesaplama.html]
[hesapmakinesi.com/desi-hesaplama.html]
[hesapmakinesi.com/inc-hesaplama.html]
[hesapmakinesi.com/faktoriyel-hesaplama.html]
[hesapmakinesi.com/yakit-tuketimi-hesaplama.html]
[hesapmakinesi.com/kronometre.html]
[hesapmakinesi.com/hangi-gun-hesaplama.html]
[hesapmakinesi.com/kac-gun-oldu-hesaplama.html]
[hesapmakinesi.com/iki-tarih-arasindaki-gun-sayisini-hesaplama.html]
[hesapmakinesi.com/iki-tarih-arasindaki-hafta-sayisini-hesaplama.html]
[hesapmakinesi.com/kira-stopaj-hesaplama.html]
[hesapmakinesi.com/iller-arasi-mesafe-hesaplama.html]
[hesapmakinesi.com/mil-hesaplama.html]
[hesapmakinesi.com/burc-hesaplama.html]
[hesapmakinesi.com/alcalan-burc-hesaplama.html]
[hesapmakinesi.com/kelime-sayisi-hesaplama.html]
[hesapmakinesi.com/sayfa/gizlilik-bildirimi.html]
[hesapmakinesi.com/doviz-hesaplamaff5a.html]
[hesapmakinesi.com/doviz-hesaplama73f5.html]
[hesapmakinesi.com/doviz-hesaplama6468.html]
[hesapmakinesi.com/doviz-hesaplama5c23.html]
[hesapmakinesi.com/doviz-hesaplamaf9f1.html]
[hesapmakinesi.com/doviz-hesaplamaef80.html]
[hesapmakinesi.com/doviz-hesaplama6fb9.html]
[hesapmakinesi.com/doviz-hesaplama36c2.html]
[hesapmakinesi.com/doviz-hesaplamae984.html]
[hesapmakinesi.com/doviz-hesaplama59e8.html]
[hesapmakinesi.com/doviz-hesaplama1dcb.html]
[hesapmakinesi.com/doviz-hesaplama4155.html]
[hesapmakinesi.com/doviz-hesaplama5799.html]
[hesapmakinesi.com/doviz-hesaplama60a6.html]
[hesapmakinesi.com/doviz-hesaplamaf5b8.html]
[hesapmakinesi.com/doviz-hesaplama6461.html]
[hesapmakinesi.com/doviz-hesaplamaa89f.html]
[hesapmakinesi.com/doviz-hesaplama9785.html]
[hesapmakinesi.com/doviz-hesaplamaf99d.html]
[hesapmakinesi.com/doviz-hesaplama39db.html]
[hesapmakinesi.com/doviz-hesaplama2018.html]
[hesapmakinesi.com/doviz-hesaplamaec89.html]
[hesapmakinesi.com/doviz-hesaplama35df.html]
[hesapmakinesi.com/doviz-hesaplama1bef.html]
[hesapmakinesi.com/doviz-hesaplamae815.html]
[hesapmakinesi.com/doviz-hesaplamabecb.html]
[hesapmakinesi.com/doviz-hesaplamaef32.html]
[hesapmakinesi.com/doviz-hesaplama1856.html]
[hesapmakinesi.com/doviz-hesaplama46e3.html]
[hesapmakinesi.com/doviz-hesaplamad170.html]
[hesapmakinesi.com/doviz-hesaplamab8e1.html]
[hesapmakinesi.com/doviz-hesaplamaa84e.html]
[hesapmakinesi.com/doviz-hesaplama84e0.html]
[hesapmakinesi.com/doviz-hesaplama19d5.html]
[hesapmakinesi.com/doviz-hesaplamab305.html]
[hesapmakinesi.com/doviz-hesaplamac0c3.html]
[hesapmakinesi.com/doviz-hesaplama6192.html]
[hesapmakinesi.com/doviz-hesaplama43dc.html]
[hesapmakinesi.com/doviz-hesaplama7056.html]
[hesapmakinesi.com/doviz-hesaplamad124.html]
[hesapmakinesi.com/doviz-hesaplama3fa2.html]
[hesapmakinesi.com/doviz-hesaplama5ad4.html]
[hesapmakinesi.com/doviz-hesaplamab4ff.html]
[hesapmakinesi.com/doviz-hesaplama1195.html]
[hesapmakinesi.com/doviz-hesaplama1f74.html]
[hesapmakinesi.com/doviz-hesaplama2dc3.html]
[hesapmakinesi.com/doviz-hesaplama287b.html]
[hesapmakinesi.com/doviz-hesaplama8394.html]
[hesapmakinesi.com/doviz-hesaplama2597.html]
[hesapmakinesi.com/doviz-hesaplama96cd.html]
[hesapmakinesi.com/doviz-hesaplamaff5a.html]
[hesapmakinesi.com/doviz-hesaplama73f5.html]
[hesapmakinesi.com/doviz-hesaplama6468.html]
[hesapmakinesi.com/doviz-hesaplama5c23.html]
[hesapmakinesi.com/doviz-hesaplamaf9f1.html]
[hesapmakinesi.com/doviz-hesaplamaef80.html]
[hesapmakinesi.com/doviz-hesaplama6fb9.html]
[hesapmakinesi.com/doviz-hesaplama36c2.html]
[hesapmakinesi.com/doviz-hesaplamae984.html]
[hesapmakinesi.com/doviz-hesaplama59e8.html]
[hesapmakinesi.com/doviz-hesaplama1dcb.html]
[hesapmakinesi.com/doviz-hesaplama4155.html]
[hesapmakinesi.com/doviz-hesaplama5799.html]
[hesapmakinesi.com/doviz-hesaplamaf5b8.html]
[hesapmakinesi.com/doviz-hesaplama6461.html]
[hesapmakinesi.com/doviz-hesaplamaa89f.html]
[hesapmakinesi.com/doviz-hesaplama9785.html]
[hesapmakinesi.com/doviz-hesaplamaf99d.html]
[hesapmakinesi.com/doviz-hesaplama39db.html]
[hesapmakinesi.com/doviz-hesaplama2018.html]
[hesapmakinesi.com/doviz-hesaplama35df.html]
[hesapmakinesi.com/doviz-hesaplama1bef.html]
[hesapmakinesi.com/doviz-hesaplamabecb.html]
[hesapmakinesi.com/doviz-hesaplamaef32.html]
[hesapmakinesi.com/doviz-hesaplamab8e1.html]
[hesapmakinesi.com/doviz-hesaplamaa84e.html]
